2026-08-05 09:17:25,537 [ERROR] screen_loop 發生例外錯誤: cannot unpack non-iterable NoneType object
Traceback (most recent call last):
  File "D:\Projects\Cat-Lab\Maple_testing\src\engine\GameBot.py", line 133, in screen_loop
    self.Mobdector()
    ~~~~~~~~~~~~~~^^
  File "D:\Projects\Cat-Lab\Maple_testing\src\engine\GameBot.py", line 252, in Mobdector
    mb_left_top,mb_right_bottom = mob_detector.searching_mob(self.crop_frame_gray,self.ROI_left_top)
    ^^^^^^^^^^^^^^^^^^^^^^^^^^^
TypeError: cannot unpack non-iterable NoneType object
2026-08-05 09:18:06,022 [ERROR] screen_loop 發生例外錯誤: cannot unpack non-iterable NoneType object
Traceback (most recent call last):
  File "D:\Projects\Cat-Lab\Maple_testing\src\engine\GameBot.py", line 133, in screen_loop
    self.Mobdector()
    ~~~~~~~~~~~~~~^^
  File "D:\Projects\Cat-Lab\Maple_testing\src\engine\GameBot.py", line 252, in Mobdector
    mb_left_top,mb_right_bottom = mob_detector.searching_mob(self.crop_frame_gray,self.ROI_left_top)
    ^^^^^^^^^^^^^^^^^^^^^^^^^^^
TypeError: cannot unpack non-iterable NoneType object
2026-08-05 09:19:43,443 [ERROR] screen_loop 發生例外錯誤: cannot unpack non-iterable NoneType object
Traceback (most recent call last):
  File "D:\Projects\Cat-Lab\Maple_testing\src\engine\GameBot.py", line 133, in screen_loop
    self.Mobdector()
    ~~~~~~~~~~~~~~^^
  File "D:\Projects\Cat-Lab\Maple_testing\src\engine\GameBot.py", line 252, in Mobdector
    mb_left_top,mb_right_bottom = mob_detector.searching_mob(self.crop_frame_gray,self.ROI_left_top)
    ^^^^^^^^^^^^^^^^^^^^^^^^^^^
TypeError: cannot unpack non-iterable NoneType object
2026-08-05 09:20:03,601 [ERROR] screen_loop 發生例外錯誤: 'NoneType' object is not subscriptable
Traceback (most recent call last):
  File "D:\Projects\Cat-Lab\Maple_testing\src\engine\GameBot.py", line 133, in screen_loop
    self.Mobdector()
    ~~~~~~~~~~~~~~^^
  File "D:\Projects\Cat-Lab\Maple_testing\src\engine\GameBot.py", line 253, in Mobdector
    draw_dectection_box(
    ~~~~~~~~~~~~~~~~~~~^
        self.frame_bgr,
        ^^^^^^^^^^^^^^^
        mb_left_top,
        ^^^^^^^^^^^^
        mb_right_bottom,label="怪物",color = (0, 0, 255),
        ^^^^^^^^^^^^^^^^^^^^^^^^^^^^^^^^^^^^^^^^^^^^^^^^^
    top_padding=0, bottom_padding=0, left_padding=0, right_padding=0)
    ^^^^^^^^^^^^^^^^^^^^^^^^^^^^^^^^^^^^^^^^^^^^^^^^^^^^^^^^^^^^^^^^^
  File "D:\Projects\Cat-Lab\Maple_testing\src\utils\common.py", line 81, in draw_dectection_box
    left_top = (left_top[0] - left_padding, left_top[1] - top_padding)
                ~~~~~~~~^^^
TypeError: 'NoneType' object is not subscriptable
2026-08-05 09:24:37,633 [ERROR] screen_loop 發生例外錯誤: 'NoneType' object is not subscriptable
Traceback (most recent call last):
  File "D:\Projects\Cat-Lab\Maple_testing\src\engine\GameBot.py", line 133, in screen_loop
    self.Mobdector()
    ~~~~~~~~~~~~~~^^
  File "D:\Projects\Cat-Lab\Maple_testing\src\engine\GameBot.py", line 256, in Mobdector
    draw_dectection_box(
    ~~~~~~~~~~~~~~~~~~~^
        self.frame_bgr,
        ^^^^^^^^^^^^^^^
        mb_left_top,
        ^^^^^^^^^^^^
        mb_right_bottom,label="怪物",color = (0, 0, 255),
        ^^^^^^^^^^^^^^^^^^^^^^^^^^^^^^^^^^^^^^^^^^^^^^^^^
    top_padding=0, bottom_padding=0, left_padding=0, right_padding=0)
    ^^^^^^^^^^^^^^^^^^^^^^^^^^^^^^^^^^^^^^^^^^^^^^^^^^^^^^^^^^^^^^^^^
  File "D:\Projects\Cat-Lab\Maple_testing\src\utils\common.py", line 81, in draw_dectection_box
    left_top = (left_top[0] - left_padding, left_top[1] - top_padding)
                ~~~~~~~~^^^
TypeError: 'NoneType' object is not subscriptable
2026-08-05 09:25:41,284 [ERROR] screen_loop 發生例外錯誤: 'NoneType' object is not subscriptable
Traceback (most recent call last):
  File "D:\Projects\Cat-Lab\Maple_testing\src\engine\GameBot.py", line 133, in screen_loop
    self.Mobdector()
    ~~~~~~~~~~~~~~^^
  File "D:\Projects\Cat-Lab\Maple_testing\src\engine\GameBot.py", line 256, in Mobdector
    draw_dectection_box(
    ~~~~~~~~~~~~~~~~~~~^
        self.frame_bgr,
        ^^^^^^^^^^^^^^^
        mb_left_top,
        ^^^^^^^^^^^^
        mb_right_bottom,label="怪物",color = (0, 0, 255),
        ^^^^^^^^^^^^^^^^^^^^^^^^^^^^^^^^^^^^^^^^^^^^^^^^^
    top_padding=0, bottom_padding=0, left_padding=0, right_padding=0)
    ^^^^^^^^^^^^^^^^^^^^^^^^^^^^^^^^^^^^^^^^^^^^^^^^^^^^^^^^^^^^^^^^^
  File "D:\Projects\Cat-Lab\Maple_testing\src\utils\common.py", line 81, in draw_dectection_box
    left_top = (left_top[0] - left_padding, left_top[1] - top_padding)
                ~~~~~~~~^^^
TypeError: 'NoneType' object is not subscriptable
2026-08-05 09:33:19,127 [ERROR] screen_loop 發生例外錯誤: 'NoneType' object is not subscriptable
Traceback (most recent call last):
  File "D:\Projects\Cat-Lab\Maple_testing\src\engine\GameBot.py", line 133, in screen_loop
    self.Mobdector()
    ~~~~~~~~~~~~~~^^
  File "D:\Projects\Cat-Lab\Maple_testing\src\engine\GameBot.py", line 256, in Mobdector
    draw_dectection_box(
    ~~~~~~~~~~~~~~~~~~~^
        self.frame_bgr,
        ^^^^^^^^^^^^^^^
    ...<2 lines>...
        label="怪物",color = (0, 0, 255),
        ^^^^^^^^^^^^^^^^^^^^^^^^^^^^^^^^^
    top_padding=0, bottom_padding=0, left_padding=0, right_padding=0)
    ^^^^^^^^^^^^^^^^^^^^^^^^^^^^^^^^^^^^^^^^^^^^^^^^^^^^^^^^^^^^^^^^^
  File "D:\Projects\Cat-Lab\Maple_testing\src\utils\common.py", line 81, in draw_dectection_box
    left_top = (left_top[0] - left_padding, left_top[1] - top_padding)
                ~~~~~~~~^^^
TypeError: 'NoneType' object is not subscriptable
2026-08-05 09:37:12,699 [ERROR] screen_loop 發生例外錯誤: 'NoneType' object is not subscriptable
Traceback (most recent call last):
  File "D:\Projects\Cat-Lab\Maple_testing\src\engine\GameBot.py", line 133, in screen_loop
    self.Mobdector()
    ~~~~~~~~~~~~~~^^
  File "D:\Projects\Cat-Lab\Maple_testing\src\engine\GameBot.py", line 256, in Mobdector
    draw_dectection_box(
    ~~~~~~~~~~~~~~~~~~~^
        self.frame_bgr,
        ^^^^^^^^^^^^^^^
    ...<2 lines>...
        label="怪物",color = (0, 0, 255),
        ^^^^^^^^^^^^^^^^^^^^^^^^^^^^^^^^^
    top_padding=0, bottom_padding=0, left_padding=0, right_padding=0)
    ^^^^^^^^^^^^^^^^^^^^^^^^^^^^^^^^^^^^^^^^^^^^^^^^^^^^^^^^^^^^^^^^^
  File "D:\Projects\Cat-Lab\Maple_testing\src\utils\common.py", line 81, in draw_dectection_box
    left_top = (left_top[0] - left_padding, left_top[1] - top_padding)
                ~~~~~~~~^^^
TypeError: 'NoneType' object is not subscriptable
2026-08-05 09:40:24,258 [ERROR] screen_loop 發生例外錯誤: 'NoneType' object is not subscriptable
Traceback (most recent call last):
  File "D:\Projects\Cat-Lab\Maple_testing\src\engine\GameBot.py", line 133, in screen_loop
    self.Mobdector()
    ~~~~~~~~~~~~~~^^
  File "D:\Projects\Cat-Lab\Maple_testing\src\engine\GameBot.py", line 258, in Mobdector
    draw_dectection_box(
    ~~~~~~~~~~~~~~~~~~~^
        self.frame_bgr,
        ^^^^^^^^^^^^^^^
    ...<2 lines>...
        label="怪物",color = (0, 0, 255),
        ^^^^^^^^^^^^^^^^^^^^^^^^^^^^^^^^^
    top_padding=0, bottom_padding=0, left_padding=0, right_padding=0)
    ^^^^^^^^^^^^^^^^^^^^^^^^^^^^^^^^^^^^^^^^^^^^^^^^^^^^^^^^^^^^^^^^^
  File "D:\Projects\Cat-Lab\Maple_testing\src\utils\common.py", line 81, in draw_dectection_box
    left_top = (left_top[0] - left_padding, left_top[1] - top_padding)
                ~~~~~~~~^^^
TypeError: 'NoneType' object is not subscriptable
